
[1m[46m RUN [49m[22m [36mv4.0.18 [39m[90mC:/Users/Kiran/OneDrive/Desktop/MultiAgent[39m

{"level":"INFO","time":"2026-02-27T02:53:10.816Z","env":"test","service":"multi-agent-platform","correlationId":"no-correlation-id","msg":"Redis connected"}
{"level":"INFO","time":"2026-02-27T02:53:10.849Z","env":"test","service":"multi-agent-platform","correlationId":"no-correlation-id","msg":"Redis connected"}
{"level":"INFO","time":"2026-02-27T02:53:10.849Z","env":"test","service":"multi-agent-platform","correlationId":"no-correlation-id","msg":"Redis connected"}
{"level":"INFO","time":"2026-02-27T02:53:10.890Z","env":"test","service":"multi-agent-platform","correlationId":"no-correlation-id","msg":"Redis connected"}
{"level":"INFO","time":"2026-02-27T02:53:10.916Z","env":"test","service":"multi-agent-platform","correlationId":"no-correlation-id","executionId":"ab3e9836-d655-4b62-9b44-c4c958e9ed64","resource":"locks:execution:ab3e9836-d655-4b62-9b44-c4c958e9ed64","msg":"Attempting to acquire distributed lock"}
{"level":"INFO","time":"2026-02-27T02:53:10.919Z","env":"test","service":"multi-agent-platform","correlationId":"no-correlation-id","executionId":"ab3e9836-d655-4b62-9b44-c4c958e9ed64","resource":"locks:execution:ab3e9836-d655-4b62-9b44-c4c958e9ed64","msg":"Attempting to acquire distributed lock"}
{"level":"INFO","time":"2026-02-27T02:53:10.920Z","env":"test","service":"multi-agent-platform","correlationId":"no-correlation-id","executionId":"ab3e9836-d655-4b62-9b44-c4c958e9ed64","resource":"locks:execution:ab3e9836-d655-4b62-9b44-c4c958e9ed64","msg":"Attempting to acquire distributed lock"}
{"level":"INFO","time":"2026-02-27T02:53:10.922Z","env":"test","service":"multi-agent-platform","correlationId":"no-correlation-id","executionId":"ab3e9836-d655-4b62-9b44-c4c958e9ed64","resource":"locks:execution:ab3e9836-d655-4b62-9b44-c4c958e9ed64","msg":"Distributed lock acquired"}
{"level":"ERROR","time":"2026-02-27T02:53:10.923Z","env":"test","service":"multi-agent-platform","correlationId":"no-correlation-id","error":{"message":"The operation was applied to: 0 of the 1 requested resources.","name":"ResourceLockedError"},"msg":"Redlock error"}
{"level":"ERROR","time":"2026-02-27T02:53:10.923Z","env":"test","service":"multi-agent-platform","correlationId":"no-correlation-id","error":{"message":"The operation was applied to: 0 of the 1 requested resources.","name":"ResourceLockedError"},"msg":"Redlock error"}
{"level":"WARN","time":"2026-02-27T02:53:10.953Z","env":"test","service":"multi-agent-platform","correlationId":"no-correlation-id","userId":"test-user-c0039b8c-3c6d-421b-81c3-f1b9276a5b5e","currentTotal":"3","limit":3,"msg":"User exceeded daily generation limit"}
 [31mΓ¥»[39m src/__tests__/redis-optimistic-locking.test.ts [2m([22m[2m3 tests[22m[2m | [22m[31m1 failed[39m[2m)[22m[32m 174[2mms[22m[39m
[31m     [31m├ù[31m should safely handle 20 concurrent updates to the same execution context without data loss[39m[32m 77[2mms[22m[39m
     [32mΓ£ô[39m should handle conflict retry and detect transaction rollback[32m 25[2mms[22m[39m
     [32mΓ£ô[39m should maintain TTL correctly during active execution[32m 21[2mms[22m[39m
{"level":"ERROR","time":"2026-02-27T02:53:11.123Z","env":"test","service":"multi-agent-platform","correlationId":"no-correlation-id","error":{"message":"The operation was applied to: 0 of the 1 requested resources.","name":"ResourceLockedError"},"msg":"Redlock error"}
{"level":"ERROR","time":"2026-02-27T02:53:11.165Z","env":"test","service":"multi-agent-platform","correlationId":"no-correlation-id","error":{"code":"ERR_MODULE_NOT_FOUND","runnerError":{}},"userId":"test-user-41156cfc-3cf6-4d7b-9e3e-ba9a28a470f2","tokensUsed":40000,"msg":"CRITICAL: Failed to record token usage to billing layers."}
{"level":"ERROR","time":"2026-02-27T02:53:11.172Z","env":"test","service":"multi-agent-platform","correlationId":"no-correlation-id","error":{"code":"ERR_MODULE_NOT_FOUND","runnerError":{}},"userId":"test-user-41156cfc-3cf6-4d7b-9e3e-ba9a28a470f2","tokensUsed":50000,"msg":"CRITICAL: Failed to record token usage to billing layers."}
{"level":"ERROR","time":"2026-02-27T02:53:11.178Z","env":"test","service":"multi-agent-platform","correlationId":"no-correlation-id","error":{"code":"ERR_MODULE_NOT_FOUND","runnerError":{}},"userId":"test-user-41156cfc-3cf6-4d7b-9e3e-ba9a28a470f2","tokensUsed":15000,"msg":"CRITICAL: Failed to record token usage to billing layers."}
{"level":"WARN","time":"2026-02-27T02:53:11.180Z","env":"test","service":"multi-agent-platform","correlationId":"no-correlation-id","userId":"test-user-41156cfc-3cf6-4d7b-9e3e-ba9a28a470f2","usedTokens":105000,"limit":100000,"msg":"User exceeded monthly token budget"}
 [32mΓ£ô[39m src/__tests__/cost-governance.test.ts [2m([22m[2m3 tests[22m[2m)[22m[32m 281[2mms[22m[39m
{"level":"ERROR","time":"2026-02-27T02:53:11.212Z","env":"test","service":"multi-agent-platform","correlationId":"no-correlation-id","error":{"message":"The operation was applied to: 0 of the 1 requested resources.","name":"ResourceLockedError"},"msg":"Redlock error"}
{"level":"INFO","time":"2026-02-27T02:53:11.246Z","env":"test","service":"multi-agent-platform","correlationId":"no-correlation-id","msg":"Prometheus metrics initialized"}
{"level":"INFO","time":"2026-02-27T02:53:11.253Z","env":"test","service":"multi-agent-platform","correlationId":"no-correlation-id","msg":"Prometheus metrics initialized"}
{"level":"ERROR","time":"2026-02-27T02:53:11.289Z","env":"test","service":"multi-agent-platform","correlationId":"no-correlation-id","error":{"message":"The operation was applied to: 0 of the 1 requested resources.","name":"ResourceLockedError"},"msg":"Redlock error"}
{"level":"INFO","time":"2026-02-27T02:53:11.295Z","env":"test","service":"multi-agent-platform","correlationId":"no-correlation-id","msg":"Redis connected"}
{"level":"ERROR","time":"2026-02-27T02:53:11.321Z","env":"test","service":"multi-agent-platform","correlationId":"no-correlation-id","error":{"message":"The operation was applied to: 0 of the 1 requested resources.","name":"ResourceLockedError"},"msg":"Redlock error"}
{"level":"ERROR","time":"2026-02-27T02:53:11.383Z","env":"test","service":"multi-agent-platform","correlationId":"no-correlation-id","error":{"message":"The operation was applied to: 0 of the 1 requested resources.","name":"ResourceLockedError"},"msg":"Redlock error"}
{"level":"INFO","time":"2026-02-27T02:53:11.426Z","env":"test","service":"multi-agent-platform","correlationId":"no-correlation-id","executionId":"ab3e9836-d655-4b62-9b44-c4c958e9ed64","resource":"locks:execution:ab3e9836-d655-4b62-9b44-c4c958e9ed64","msg":"Releasing distributed lock"}
{"level":"INFO","time":"2026-02-27T02:53:11.491Z","env":"test","service":"multi-agent-platform","correlationId":"no-correlation-id","executionId":"ab3e9836-d655-4b62-9b44-c4c958e9ed64","resource":"locks:execution:ab3e9836-d655-4b62-9b44-c4c958e9ed64","msg":"Distributed lock acquired"}
{"level":"INFO","time":"2026-02-27T02:53:11.501Z","env":"test","service":"multi-agent-platform","correlationId":"no-correlation-id","msg":"Redis connected"}
{"level":"INFO","time":"2026-02-27T02:53:11.512Z","env":"test","service":"multi-agent-platform","correlationId":"no-correlation-id","msg":"Redis connected"}
 [31mΓ¥»[39m src/__tests__/metrics-validation.test.ts [2m([22m[2m1 test[22m[2m | [22m[31m1 failed[39m[2m)[22m[32m 43[2mms[22m[39m
[31m     [31m├ù[31m should correctly increment counters and populate histograms for 10 successful and 5 failed runs[39m[32m 15[2mms[22m[39m
 [31mΓ¥»[39m src/__tests__/fault-tolerance.test.ts [2m([22m[2m1 test[22m[2m | [22m[31m1 failed[39m[2m)[22m[32m 44[2mms[22m[39m
[31m     [31m├ù[31m should safely resume mid-execution after a simulated crash without duplicate operations[39m[32m 17[2mms[22m[39m
{"level":"ERROR","time":"2026-02-27T02:53:11.725Z","env":"test","service":"multi-agent-platform","correlationId":"no-correlation-id","error":{"message":"The operation was applied to: 0 of the 1 requested resources.","name":"ResourceLockedError"},"msg":"Redlock error"}
{"level":"ERROR","time":"2026-02-27T02:53:11.786Z","env":"test","service":"multi-agent-platform","correlationId":"no-correlation-id","error":{"message":"The operation was applied to: 0 of the 1 requested resources.","name":"ResourceLockedError"},"msg":"Redlock error"}
{"level":"INFO","time":"2026-02-27T02:53:12.002Z","env":"test","service":"multi-agent-platform","correlationId":"no-correlation-id","executionId":"ab3e9836-d655-4b62-9b44-c4c958e9ed64","resource":"locks:execution:ab3e9836-d655-4b62-9b44-c4c958e9ed64","msg":"Releasing distributed lock"}
{"level":"INFO","time":"2026-02-27T02:53:12.134Z","env":"test","service":"multi-agent-platform","correlationId":"no-correlation-id","executionId":"ab3e9836-d655-4b62-9b44-c4c958e9ed64","resource":"locks:execution:ab3e9836-d655-4b62-9b44-c4c958e9ed64","msg":"Distributed lock acquired"}
{"level":"INFO","time":"2026-02-27T02:53:12.635Z","env":"test","service":"multi-agent-platform","correlationId":"no-correlation-id","executionId":"ab3e9836-d655-4b62-9b44-c4c958e9ed64","resource":"locks:execution:ab3e9836-d655-4b62-9b44-c4c958e9ed64","msg":"Releasing distributed lock"}
{"level":"ERROR","time":"2026-02-27T02:53:13.399Z","env":"test","service":"multi-agent-platform","correlationId":"no-correlation-id","error":{"message":"The operation was applied to: 0 of the 1 requested resources.","name":"ResourceLockedError"},"msg":"Redlock error"}
{"level":"ERROR","time":"2026-02-27T02:53:13.804Z","env":"test","service":"multi-agent-platform","correlationId":"no-correlation-id","error":{"message":"The operation was applied to: 0 of the 1 requested resources.","name":"ResourceLockedError"},"msg":"Redlock error"}
{"level":"ERROR","time":"2026-02-27T02:53:13.977Z","env":"test","service":"multi-agent-platform","correlationId":"no-correlation-id","error":{"message":"The operation was applied to: 0 of the 1 requested resources.","name":"ResourceLockedError"},"msg":"Redlock error"}
{"level":"ERROR","time":"2026-02-27T02:53:14.025Z","env":"test","service":"multi-agent-platform","correlationId":"no-correlation-id","error":{"message":"The operation was applied to: 0 of the 1 requested resources.","name":"ResourceLockedError"},"msg":"Redlock error"}
{"level":"ERROR","time":"2026-02-27T02:53:14.056Z","env":"test","service":"multi-agent-platform","correlationId":"no-correlation-id","error":{"message":"The operation was applied to: 0 of the 1 requested resources.","name":"ResourceLockedError"},"msg":"Redlock error"}
{"level":"ERROR","time":"2026-02-27T02:53:14.458Z","env":"test","service":"multi-agent-platform","correlationId":"no-correlation-id","error":{"message":"The operation was applied to: 0 of the 1 requested resources.","name":"ResourceLockedError"},"msg":"Redlock error"}
{"level":"ERROR","time":"2026-02-27T02:53:14.679Z","env":"test","service":"multi-agent-platform","correlationId":"no-correlation-id","error":{"message":"The operation was applied to: 0 of the 1 requested resources.","name":"ResourceLockedError"},"msg":"Redlock error"}
{"level":"ERROR","time":"2026-02-27T02:53:15.158Z","env":"test","service":"multi-agent-platform","correlationId":"no-correlation-id","error":{"message":"The operation was applied to: 0 of the 1 requested resources.","name":"ResourceLockedError"},"msg":"Redlock error"}
{"level":"ERROR","time":"2026-02-27T02:53:15.358Z","env":"test","service":"multi-agent-platform","correlationId":"no-correlation-id","error":{"message":"The operation was applied to: 0 of the 1 requested resources.","name":"ResourceLockedError"},"msg":"Redlock error"}
{"level":"ERROR","time":"2026-02-27T02:53:15.524Z","env":"test","service":"multi-agent-platform","correlationId":"no-correlation-id","error":{"message":"The operation was applied to: 0 of the 1 requested resources.","name":"ResourceLockedError"},"msg":"Redlock error"}
{"level":"ERROR","time":"2026-02-27T02:53:15.809Z","env":"test","service":"multi-agent-platform","correlationId":"no-correlation-id","error":{"message":"The operation was applied to: 0 of the 1 requested resources.","name":"ResourceLockedError"},"msg":"Redlock error"}
{"level":"ERROR","time":"2026-02-27T02:53:16.111Z","env":"test","service":"multi-agent-platform","correlationId":"no-correlation-id","error":{"message":"The operation was applied to: 0 of the 1 requested resources.","name":"ResourceLockedError"},"msg":"Redlock error"}
{"level":"ERROR","time":"2026-02-27T02:53:16.357Z","env":"test","service":"multi-agent-platform","correlationId":"no-correlation-id","error":{"message":"The operation was applied to: 0 of the 1 requested resources.","name":"ResourceLockedError"},"msg":"Redlock error"}
{"level":"ERROR","time":"2026-02-27T02:53:16.570Z","env":"test","service":"multi-agent-platform","correlationId":"no-correlation-id","error":{"message":"The operation was applied to: 0 of the 1 requested resources.","name":"ResourceLockedError"},"msg":"Redlock error"}
{"level":"ERROR","time":"2026-02-27T02:53:16.709Z","env":"test","service":"multi-agent-platform","correlationId":"no-correlation-id","error":{"message":"The operation was applied to: 0 of the 1 requested resources.","name":"ResourceLockedError"},"msg":"Redlock error"}
{"level":"ERROR","time":"2026-02-27T02:53:16.772Z","env":"test","service":"multi-agent-platform","correlationId":"no-correlation-id","error":{"message":"The operation was applied to: 0 of the 1 requested resources.","name":"ResourceLockedError"},"msg":"Redlock error"}
{"level":"ERROR","time":"2026-02-27T02:53:17.002Z","env":"test","service":"multi-agent-platform","correlationId":"no-correlation-id","error":{"message":"The operation was applied to: 0 of the 1 requested resources.","name":"ResourceLockedError"},"msg":"Redlock error"}
{"level":"ERROR","time":"2026-02-27T02:53:17.081Z","env":"test","service":"multi-agent-platform","correlationId":"no-correlation-id","error":{"message":"The operation was applied to: 0 of the 1 requested resources.","name":"ResourceLockedError"},"msg":"Redlock error"}
{"level":"ERROR","time":"2026-02-27T02:53:17.082Z","env":"test","service":"multi-agent-platform","correlationId":"no-correlation-id","error":{"message":"The operation was applied to: 0 of the 1 requested resources.","name":"ResourceLockedError"},"msg":"Redlock error"}
{"level":"INFO","time":"2026-02-27T02:53:17.084Z","env":"test","service":"multi-agent-platform","correlationId":"no-correlation-id","executionId":"3d5931c1-4122-4229-b5df-80732d1338ad","resource":"locks:execution:3d5931c1-4122-4229-b5df-80732d1338ad","msg":"Attempting to acquire distributed lock"}
{"level":"INFO","time":"2026-02-27T02:53:17.085Z","env":"test","service":"multi-agent-platform","correlationId":"no-correlation-id","executionId":"3d5931c1-4122-4229-b5df-80732d1338ad","resource":"locks:execution:3d5931c1-4122-4229-b5df-80732d1338ad","msg":"Attempting to acquire distributed lock"}
{"level":"INFO","time":"2026-02-27T02:53:17.085Z","env":"test","service":"multi-agent-platform","correlationId":"no-correlation-id","executionId":"3d5931c1-4122-4229-b5df-80732d1338ad","resource":"locks:execution:3d5931c1-4122-4229-b5df-80732d1338ad","msg":"Attempting to acquire distributed lock"}
{"level":"INFO","time":"2026-02-27T02:53:17.085Z","env":"test","service":"multi-agent-platform","correlationId":"no-correlation-id","executionId":"3d5931c1-4122-4229-b5df-80732d1338ad","resource":"locks:execution:3d5931c1-4122-4229-b5df-80732d1338ad","msg":"Attempting to acquire distributed lock"}
{"level":"INFO","time":"2026-02-27T02:53:17.086Z","env":"test","service":"multi-agent-platform","correlationId":"no-correlation-id","executionId":"3d5931c1-4122-4229-b5df-80732d1338ad","resource":"locks:execution:3d5931c1-4122-4229-b5df-80732d1338ad","msg":"Attempting to acquire distributed lock"}
{"level":"INFO","time":"2026-02-27T02:53:17.086Z","env":"test","service":"multi-agent-platform","correlationId":"no-correlation-id","executionId":"3d5931c1-4122-4229-b5df-80732d1338ad","resource":"locks:execution:3d5931c1-4122-4229-b5df-80732d1338ad","msg":"Distributed lock acquired"}
{"level":"ERROR","time":"2026-02-27T02:53:17.086Z","env":"test","service":"multi-agent-platform","correlationId":"no-correlation-id","error":{"message":"The operation was applied to: 0 of the 1 requested resources.","name":"ResourceLockedError"},"msg":"Redlock error"}
{"level":"ERROR","time":"2026-02-27T02:53:17.086Z","env":"test","service":"multi-agent-platform","correlationId":"no-correlation-id","error":{"message":"The operation was applied to: 0 of the 1 requested resources.","name":"ResourceLockedError"},"msg":"Redlock error"}
{"level":"ERROR","time":"2026-02-27T02:53:17.087Z","env":"test","service":"multi-agent-platform","correlationId":"no-correlation-id","error":{"message":"The operation was applied to: 0 of the 1 requested resources.","name":"ResourceLockedError"},"msg":"Redlock error"}
{"level":"ERROR","time":"2026-02-27T02:53:17.087Z","env":"test","service":"multi-agent-platform","correlationId":"no-correlation-id","error":{"message":"The operation was applied to: 0 of the 1 requested resources.","name":"ResourceLockedError"},"msg":"Redlock error"}
{"level":"ERROR","time":"2026-02-27T02:53:17.117Z","env":"test","service":"multi-agent-platform","correlationId":"no-correlation-id","error":{"message":"The operation was applied to: 0 of the 1 requested resources.","name":"ResourceLockedError"},"msg":"Redlock error"}
{"level":"ERROR","time":"2026-02-27T02:53:17.117Z","env":"test","service":"multi-agent-platform","correlationId":"no-correlation-id","error":{"message":"The operation was applied to: 0 of the 1 requested resources.","name":"ResourceLockedError"},"msg":"Redlock error"}
{"level":"ERROR","time":"2026-02-27T02:53:17.209Z","env":"test","service":"multi-agent-platform","correlationId":"no-correlation-id","error":{"message":"The operation was applied to: 0 of the 1 requested resources.","name":"ResourceLockedError"},"msg":"Redlock error"}
{"level":"INFO","time":"2026-02-27T02:53:17.287Z","env":"test","service":"multi-agent-platform","correlationId":"no-correlation-id","executionId":"3d5931c1-4122-4229-b5df-80732d1338ad","resource":"locks:execution:3d5931c1-4122-4229-b5df-80732d1338ad","msg":"Releasing distributed lock"}
{"level":"INFO","time":"2026-02-27T02:53:17.406Z","env":"test","service":"multi-agent-platform","correlationId":"no-correlation-id","executionId":"3d5931c1-4122-4229-b5df-80732d1338ad","resource":"locks:execution:3d5931c1-4122-4229-b5df-80732d1338ad","msg":"Distributed lock acquired"}
{"level":"INFO","time":"2026-02-27T02:53:17.406Z","env":"test","service":"multi-agent-platform","correlationId":"no-correlation-id","executionId":"3d5931c1-4122-4229-b5df-80732d1338ad","resource":"locks:execution:3d5931c1-4122-4229-b5df-80732d1338ad","msg":"Releasing distributed lock"}
{"level":"INFO","time":"2026-02-27T02:53:17.454Z","env":"test","service":"multi-agent-platform","correlationId":"no-correlation-id","executionId":"3d5931c1-4122-4229-b5df-80732d1338ad","resource":"locks:execution:3d5931c1-4122-4229-b5df-80732d1338ad","msg":"Distributed lock acquired"}
{"level":"INFO","time":"2026-02-27T02:53:17.454Z","env":"test","service":"multi-agent-platform","correlationId":"no-correlation-id","executionId":"3d5931c1-4122-4229-b5df-80732d1338ad","resource":"locks:execution:3d5931c1-4122-4229-b5df-80732d1338ad","msg":"Releasing distributed lock"}
{"level":"INFO","time":"2026-02-27T02:53:17.470Z","env":"test","service":"multi-agent-platform","correlationId":"no-correlation-id","executionId":"3d5931c1-4122-4229-b5df-80732d1338ad","resource":"locks:execution:3d5931c1-4122-4229-b5df-80732d1338ad","msg":"Distributed lock acquired"}
{"level":"INFO","time":"2026-02-27T02:53:17.470Z","env":"test","service":"multi-agent-platform","correlationId":"no-correlation-id","executionId":"3d5931c1-4122-4229-b5df-80732d1338ad","resource":"locks:execution:3d5931c1-4122-4229-b5df-80732d1338ad","msg":"Releasing distributed lock"}
{"level":"INFO","time":"2026-02-27T02:53:17.525Z","env":"test","service":"multi-agent-platform","correlationId":"no-correlation-id","executionId":"3d5931c1-4122-4229-b5df-80732d1338ad","resource":"locks:execution:3d5931c1-4122-4229-b5df-80732d1338ad","msg":"Distributed lock acquired"}
{"level":"INFO","time":"2026-02-27T02:53:17.525Z","env":"test","service":"multi-agent-platform","correlationId":"no-correlation-id","executionId":"3d5931c1-4122-4229-b5df-80732d1338ad","resource":"locks:execution:3d5931c1-4122-4229-b5df-80732d1338ad","msg":"Releasing distributed lock"}
{"level":"INFO","time":"2026-02-27T02:53:17.527Z","env":"test","service":"multi-agent-platform","correlationId":"no-correlation-id","executionId":"c5b27114-f56a-4040-acdf-06ab94c868e2","resource":"locks:execution:c5b27114-f56a-4040-acdf-06ab94c868e2","msg":"Attempting to acquire distributed lock"}
{"level":"INFO","time":"2026-02-27T02:53:17.529Z","env":"test","service":"multi-agent-platform","correlationId":"no-correlation-id","executionId":"c5b27114-f56a-4040-acdf-06ab94c868e2","resource":"locks:execution:c5b27114-f56a-4040-acdf-06ab94c868e2","msg":"Distributed lock acquired"}
{"level":"INFO","time":"2026-02-27T02:53:17.739Z","env":"test","service":"multi-agent-platform","correlationId":"no-correlation-id","msg":"Redis connected"}
{"level":"INFO","time":"2026-02-27T02:53:17.955Z","env":"test","service":"multi-agent-platform","correlationId":"no-correlation-id","executionId":"c5b27114-f56a-4040-acdf-06ab94c868e2","resource":"locks:execution:c5b27114-f56a-4040-acdf-06ab94c868e2","msg":"Releasing distributed lock"}
 [32mΓ£ô[39m src/__tests__/redlock-safety.test.ts [2m([22m[2m4 tests[22m[2m)[22m[33m 7092[2mms[22m[39m
     [33m[2mΓ£ô[22m[39m should prevent two workers from racing for the exact same lock (Mutual Exclusion) [33m 1727[2mms[22m[39m
     [33m[2mΓ£ô[22m[39m should simulate Lock TTL expiry during long execution and explicit extension logic [33m 4444[2mms[22m[39m
     [33m[2mΓ£ô[22m[39m should ensure no double execution occurs when verifying idempotency combined with locking [33m 443[2mms[22m[39m
     [33m[2mΓ£ô[22m[39m should handle Redis restart or disconnect during lock hold smoothly [33m 430[2mms[22m[39m
{"level":"ERROR","time":"2026-02-27T02:53:19.089Z","env":"test","service":"multi-agent-platform","correlationId":"no-correlation-id","error":{"message":"The operation was applied to: 0 of the 1 requested resources.","name":"ResourceLockedError"},"msg":"Redlock error"}
{"level":"ERROR","time":"2026-02-27T02:53:19.208Z","env":"test","service":"multi-agent-platform","correlationId":"no-correlation-id","error":{"message":"The operation was applied to: 0 of the 1 requested resources.","name":"ResourceLockedError"},"msg":"Redlock error"}
{"level":"ERROR","time":"2026-02-27T02:53:19.429Z","env":"test","service":"multi-agent-platform","correlationId":"no-correlation-id","error":{"message":"The operation was applied to: 0 of the 1 requested resources.","name":"ResourceLockedError"},"msg":"Redlock error"}
{"level":"ERROR","time":"2026-02-27T02:53:19.647Z","env":"test","service":"multi-agent-platform","correlationId":"no-correlation-id","error":{"message":"The operation was applied to: 0 of the 1 requested resources.","name":"ResourceLockedError"},"msg":"Redlock error"}
{"level":"ERROR","time":"2026-02-27T02:53:19.768Z","env":"test","service":"multi-agent-platform","correlationId":"no-correlation-id","error":{"message":"The operation was applied to: 0 of the 1 requested resources.","name":"ResourceLockedError"},"msg":"Redlock error"}
{"level":"ERROR","time":"2026-02-27T02:53:19.958Z","env":"test","service":"multi-agent-platform","correlationId":"no-correlation-id","error":{"message":"The operation was applied to: 0 of the 1 requested resources.","name":"ResourceLockedError"},"msg":"Redlock error"}
{"level":"ERROR","time":"2026-02-27T02:53:20.364Z","env":"test","service":"multi-agent-platform","correlationId":"no-correlation-id","error":{"message":"The operation was applied to: 0 of the 1 requested resources.","name":"ResourceLockedError"},"msg":"Redlock error"}
{"level":"ERROR","time":"2026-02-27T02:53:20.646Z","env":"test","service":"multi-agent-platform","correlationId":"no-correlation-id","error":{"message":"The operation was applied to: 0 of the 1 requested resources.","name":"ResourceLockedError"},"msg":"Redlock error"}
{"level":"ERROR","time":"2026-02-27T02:53:20.784Z","env":"test","service":"multi-agent-platform","correlationId":"no-correlation-id","error":{"message":"The operation was applied to: 0 of the 1 requested resources.","name":"ResourceLockedError"},"msg":"Redlock error"}
{"level":"ERROR","time":"2026-02-27T02:53:20.831Z","env":"test","service":"multi-agent-platform","correlationId":"no-correlation-id","error":{"message":"The operation was applied to: 0 of the 1 requested resources.","name":"ResourceLockedError"},"msg":"Redlock error"}
{"level":"ERROR","time":"2026-02-27T02:53:20.973Z","env":"test","service":"multi-agent-platform","correlationId":"no-correlation-id","error":{"message":"The operation was applied to: 0 of the 1 requested resources.","name":"ResourceLockedError"},"msg":"Redlock error"}
 [31mΓ¥»[39m src/__tests__/redlock-ttl-audit.test.ts [2m([22m[2m2 tests[22m[2m | [22m[31m1 failed[39m[2m)[22m[33m 10147[2mms[22m[39m
[31m     [31m├ù[31m should successfully extend a lock during a long-running execution (e.g. 90-second LLM call)[39m[33m 4210[2mms[22m[39m
     [33m[2mΓ£ô[22m[39m should protect against mutual exclusion overlap during severe CPU pause / GC Stalls [33m 5891[2mms[22m[39m
 [31mΓ¥»[39m src/__tests__/queue-reliability.test.ts [2m([22m[2m4 tests[22m[2m | [22m[31m1 failed[39m[2m)[22m[33m 16839[2mms[22m[39m
     [33m[2mΓ£ô[22m[39m should handle duplicate job submissions idempotently [33m 1079[2mms[22m[39m
     [32mΓ£ô[39m should handle queue flooding (200 jobs) successfully[32m 161[2mms[22m[39m
     [33m[2mΓ£ô[22m[39m should validate exponential backoff and dead-letter queue (DLQ) routing [33m 529[2mms[22m[39m
[31m     [31m├ù[31m should recover stalled jobs if a worker crashes mid-execution[39m[33m 15014[2mms[22m[39m

[2m Test Files [22m [1m[31m5 failed[39m[22m[2m | [22m[1m[32m2 passed[39m[22m[90m (7)[39m
[2m      Tests [22m [1m[31m5 failed[39m[22m[2m | [22m[1m[32m13 passed[39m[22m[90m (18)[39m
[2m   Start at [22m 08:23:08
[2m   Duration [22m 19.43s[2m (transform 2.69s, setup 0ms, import 8.90s, tests 34.62s, environment 4ms)[22m

